31.184.238.164 - - [29/Jul/2014:05:31:31 +0530] "GET /logs/access.log HTTP/1.0" 200 124663 "http://buyketoconazolefrance.over-blog.com" "Opera/9.80 (Windows NT 6.1; WOW64) Presto/2.12.388 Version/12.15" "www.paramcs.com"
31.184.238.164 - - [29/Jul/2014:05:45:26 +0530] "GET /logs/access.log HTTP/1.0" 200 221 "http://ordermetronidazoleonlinelowprice.aircus.com" "Mozilla/5.0 (Windows NT 6.1; WOW64) AppleWebKit/537.36 (KHTML, like Gecko) Chrome/32.0.1700.102 Safari/537.36" "www.paramcs.com"
31.184.238.164 - - [29/Jul/2014:05:59:39 +0530] "GET /logs/access.log HTTP/1.0" 200 492 "http://order-piroxicam-online.tumblr.com" "Opera/9.80 (Windows NT 5.1) Presto/2.12.388 Version/12.16" "www.paramcs.com"
31.184.238.164 - - [29/Jul/2014:06:13:56 +0530] "GET /logs/access.log HTTP/1.0" 200 701 "http://orderolmesartan.tumblr.com" "Mozilla/5.0 (Windows NT 6.1) AppleWebKit/537.36 (KHTML, like Gecko) Chrome/32.0.1700.76 Safari/537.36" "www.paramcs.com"
31.184.238.164 - - [29/Jul/2014:06:28:17 +0530] "GET /logs/access.log HTTP/1.0" 200 947 "http://buy-metformin-safely.aircus.com" "Mozilla/5.0 (Windows NT 6.1) AppleWebKit/537.36 (KHTML, like Gecko) Chrome/32.0.1700.107 Safari/537.36" "www.paramcs.com"
31.184.238.164 - - [29/Jul/2014:06:42:47 +0530] "GET /logs/access.log HTTP/1.0" 200 1199 "http://buy-lincomycin-online.soup.io" "Mozilla/5.0 (Windows NT 6.2; WOW64) AppleWebKit/537.36 (KHTML, like Gecko) Chrome/32.0.1700.76 Safari/537.36" "www.paramcs.com"
31.184.238.164 - - [29/Jul/2014:06:57:18 +0530] "GET /logs/access.log HTTP/1.0" 200 1456 "http://lovastatin-20mg-order-online.over-blog.com" "Mozilla/5.0 (Windows NT 6.0) AppleWebKit/537.36 (KHTML, like Gecko) Chrome/32.0.1700.107 Safari/537.36" "www.paramcs.com"
217.69.133.230 - - [29/Jul/2014:07:03:05 +0530] "GET /robots.txt HTTP/1.1" 200 38 "-" "Mozilla/5.0 (compatible; Linux x86_64; Mail.RU_Bot/2.0; +http://go.mail.ru/help/robots)" "paramcs.com"
217.69.133.227 - - [29/Jul/2014:07:03:06 +0530] "GET /contact.html HTTP/1.1" 200 6128 "-" "Mozilla/5.0 (compatible; Linux x86_64; Mail.RU_Bot/2.0; +http://go.mail.ru/help/robots)" "paramcs.com"
31.184.238.164 - - [29/Jul/2014:07:12:05 +0530] "GET /logs/access.log HTTP/1.0" 200 2104 "http://buyplavix75mgonlineitaly.soup.io" "Opera/9.80 (Windows NT 6.1; WOW64) Presto/2.12.388 Version/12.16" "www.paramcs.com"
37.58.100.134 - - [29/Jul/2014:07:24:22 +0530] "GET /methodology.html HTTP/1.1" 200 3770 "-" "Mozilla/5.0 (compatible; AhrefsBot/5.0; +http://ahrefs.com/robot/)" "paramcs.com"
31.184.238.164 - - [29/Jul/2014:07:26:57 +0530] "GET /logs/access.log HTTP/1.0" 200 2496 "http://orderdilantin100mgonlineforsale.soup.io" "Mozilla/5.0 (Windows NT 5.1; rv:27.0) Gecko/20100101 Firefox/27.0" "www.paramcs.com"
108.172.73.210 - - [29/Jul/2014:07:30:10 +0530] "GET / HTTP/1.0" 200 32516 "-" "Wget/1.11.4" "paramcs.com"
31.184.238.164 - - [29/Jul/2014:07:42:02 +0530] "GET /logs/access.log HTTP/1.0" 200 2827 "http://orderescitalopram10mgonlinecheap.over-blog.com" "Mozilla/5.0 (Windows NT 6.2; WOW64) AppleWebKit/537.36 (KHTML, like Gecko) Chrome/32.0.1700.76 Safari/537.36" "www.paramcs.com"
188.143.233.174 - - [29/Jul/2014:07:51:35 +0530] "GET /wp-trackback.php HTTP/1.1" 404 89 "-" "Mozilla/4.0 (compatible; MSIE 8.0; Windows NT 6.0; Trident/4.0; Mozilla/4.0 (compatible; MSIE 6.0; Windows NT 5.1; SV1); .NET CLR 3.5.30729)" "paramcs.com"
188.143.233.174 - - [29/Jul/2014:07:51:36 +0530] "GET /blog/wp-trackback.php HTTP/1.1" 404 89 "-" "Mozilla/4.0 (compatible; MSIE 8.0; Windows NT 6.0; Trident/4.0; Mozilla/4.0 (compatible; MSIE 6.0; Windows NT 5.1; SV1); .NET CLR 3.5.30729)" "paramcs.com"
188.143.233.174 - - [29/Jul/2014:07:51:37 +0530] "GET /news/wp-trackback.php HTTP/1.1" 404 89 "-" "Mozilla/4.0 (compatible; MSIE 8.0; Windows NT 6.0; Trident/4.0; Mozilla/4.0 (compatible; MSIE 6.0; Windows NT 5.1; SV1); .NET CLR 3.5.30729)" "paramcs.com"
188.143.233.174 - - [29/Jul/2014:07:51:39 +0530] "GET /wp/wp-trackback.php HTTP/1.1" 404 89 "-" "Mozilla/4.0 (compatible; MSIE 8.0; Windows NT 6.0; Trident/4.0; Mozilla/4.0 (compatible; MSIE 6.0; Windows NT 5.1; SV1); .NET CLR 3.5.30729)" "paramcs.com"
65.36.241.79 - - [29/Jul/2014:07:51:56 +0530] "HEAD / HTTP/1.1" 200 0 "-" "InternetSeer.com" "paramcs.com"
31.184.238.164 - - [29/Jul/2014:07:57:32 +0530] "GET /logs/access.log HTTP/1.0" 200 4221 "http://order-phenytoin-100mg-online.snack.ws" "Mozilla/5.0 (Windows NT 6.1; WOW64) AppleWebKit/537.36 (KHTML, like Gecko) Chrome/33.0.1750.117 Safari/537.36" "www.paramcs.com"
65.36.241.79 - - [29/Jul/2014:08:01:54 +0530] "HEAD / HTTP/1.1" 200 0 "-" "InternetSeer.com" "www.paramcs.com"
31.184.238.164 - - [29/Jul/2014:08:12:58 +0530] "GET /logs/access.log HTTP/1.0" 200 4598 "http://ktvenlafaxine.page.tl" "Mozilla/5.0 (Windows NT 5.1; rv:27.0) Gecko/20100101 Firefox/27.0" "www.paramcs.com"
208.80.194.29 - - [29/Jul/2014:08:21:34 +0530] "GET /Action/Resume/boa/update/www.bankofamerica/ HTTP/1.0" 404 73 "-" "Mozilla/5.0 (Windows NT 5.1) Gecko/20100101 Firefox/5.0" "paramcs.com"
31.184.238.164 - - [29/Jul/2014:08:28:16 +0530] "GET /logs/access.log HTTP/1.0" 200 4994 "http://orderprobenecid500mg.aircus.com" "Mozilla/5.0 (Windows NT 6.1; rv:27.0) Gecko/20100101 Firefox/27.0" "www.paramcs.com"
220.181.108.110 - - [29/Jul/2014:08:29:05 +0530] "GET /Packaging_Case.HTML HTTP/1.1" 200 4102 "-" "Mozilla/5.0 (compatible; Baiduspider/2.0; +http://www.baidu.com/search/spider.html)" "paramcs.com"
31.184.238.164 - - [29/Jul/2014:08:43:59 +0530] "GET /logs/access.log HTTP/1.0" 200 5408 "http://betapace-40mg-order-online.soup.io" "Mozilla/5.0 (Windows NT 6.1; rv:27.0) Gecko/20100101 Firefox/27.0" "www.paramcs.com"
31.184.238.164 - - [29/Jul/2014:08:59:35 +0530] "GET /logs/access.log HTTP/1.0" 200 5627 "http://buydiltiazemworldwidedelivery.over-blog.com" "Mozilla/5.0 (Windows NT 6.1; WOW64) AppleWebKit/537.36 (KHTML, like Gecko) Chrome/31.0.1650.63 Safari/537.36 OPR/18.0.1284.68" "www.paramcs.com"
5.255.253.69 - - [29/Jul/2014:09:00:36 +0530] "GET /robots.txt HTTP/1.1" 200 38 "-" "Mozilla/5.0 (compatible; YandexBot/3.0; +http://yandex.com/bots)" "www.paramcs.com"
5.255.253.69 - - [29/Jul/2014:09:00:36 +0530] "GET /robots.txt HTTP/1.1" 200 38 "-" "Mozilla/5.0 (compatible; YandexBot/3.0; +http://yandex.com/bots)" "paramcs.com"
5.255.253.69 - - [29/Jul/2014:09:00:38 +0530] "GET / HTTP/1.1" 200 6600 "-" "Mozilla/5.0 (compatible; YandexBot/3.0; +http://yandex.com/bots)" "www.paramcs.com"
5.255.253.69 - - [29/Jul/2014:09:00:39 +0530] "GET / HTTP/1.1" 200 6600 "-" "Mozilla/5.0 (compatible; YandexBot/3.0; +http://yandex.com/bots)" "paramcs.com"
5.255.253.69 - - [29/Jul/2014:09:00:42 +0530] "GET / HTTP/1.1" 200 6600 "-" "Mozilla/5.0 (compatible; YandexBot/3.0; +http://yandex.com/bots)" "www.paramcs.com"
5.255.253.69 - - [29/Jul/2014:09:00:46 +0530] "GET / HTTP/1.1" 200 6600 "-" "Mozilla/5.0 (compatible; YandexBot/3.0; +http://yandex.com/bots)" "paramcs.com"
31.184.238.164 - - [29/Jul/2014:09:15:13 +0530] "GET /logs/access.log HTTP/1.0" 200 6885 "http://orderpropranolol20mgonlinejapan.soup.io" "Mozilla/5.0 (Windows NT 6.1; WOW64) AppleWebKit/537.36 (KHTML, like Gecko) Chrome/30.0.1599.12785 YaBrowser/13.12.1599.12785 Safari/537.36" "www.paramcs.com"
31.184.238.164 - - [29/Jul/2014:09:31:12 +0530] "GET /logs/access.log HTTP/1.0" 200 7182 "http://8rbaldactone.forumcircle.com" "Mozilla/5.0 (Windows NT 6.1) AppleWebKit/537.36 (KHTML, like Gecko) Chrome/30.0.1599.13014 YaBrowser/13.12.1599.13014 Safari/537.36" "www.paramcs.com"
211.94.161.81 - - [29/Jul/2014:09:45:59 +0530] "GET / HTTP/1.1" 200 32516 "-" "-" "paramcs.com"
31.184.238.164 - - [29/Jul/2014:09:47:02 +0530] "GET /logs/access.log HTTP/1.0" 200 7557 "http://orderbimatoprost3mgcanada.over-blog.com" "Mozilla/5.0 (Windows NT 6.3; WOW64; rv:26.0) Gecko/20100101 Firefox/26.0" "www.paramcs.com"
31.184.238.164 - - [29/Jul/2014:10:03:01 +0530] "GET /logs/access.log HTTP/1.0" 200 7788 "http://buy-losartan-online.tumblr.com" "Mozilla/5.0 (Windows NT 6.1; WOW64; rv:26.0) Gecko/20100101 Firefox/26.0" "www.paramcs.com"
31.184.238.164 - - [29/Jul/2014:10:19:16 +0530] "GET /logs/access.log HTTP/1.0" 200 8010 "http://buyazathioprineonlinecheap.snack.ws" "Mozilla/5.0 (Windows NT 6.1; WOW64; rv:27.0) Gecko/20100101 Firefox/27.0" "www.paramcs.com"
31.184.238.164 - - [29/Jul/2014:10:35:41 +0530] "GET /logs/access.log HTTP/1.0" 200 8237 "http://orderipratropiumbromidecheap.snack.ws" "Opera/9.80 (Windows NT 6.1; WOW64) Presto/2.12.388 Version/12.16" "www.paramcs.com"
31.184.238.164 - - [29/Jul/2014:10:53:19 +0530] "GET /logs/access.log HTTP/1.0" 200 8458 "http://buy-tretinoin-05mg-online.snack.ws" "Mozilla/5.0 (Windows NT 6.3; WOW64) AppleWebKit/537.36 (KHTML, like Gecko) Chrome/33.0.1750.117 Safari/537.36" "www.paramcs.com"
31.184.238.164 - - [29/Jul/2014:11:10:49 +0530] "GET /logs/access.log HTTP/1.0" 200 8721 "http://buyloratadineonline.over-blog.com" "Mozilla/5.0 (Windows NT 6.1; WOW64) AppleWebKit/537.36 (KHTML, like Gecko) Chrome/33.0.1750.117 Safari/537.36 OPR/20.0.1387.64" "www.paramcs.com"
31.184.238.164 - - [29/Jul/2014:11:27:30 +0530] "GET /logs/access.log HTTP/1.0" 200 9000 "http://buysucralfate1000mg.forumcircle.com" "Mozilla/5.0 (Windows NT 6.1; WOW64) AppleWebKit/537.36 (KHTML, like Gecko) Chrome/33.0.1750.146 Safari/537.36" "www.paramcs.com"
31.184.238.164 - - [29/Jul/2014:11:44:36 +0530] "GET /logs/access.log HTTP/1.0" 200 9264 "http://orderrisperidone4mgonlinesafely.tumblr.com" "Mozilla/5.0 (Windows NT 5.1) AppleWebKit/537.36 (KHTML, like Gecko) Chrome/32.0.1700.107 Safari/537.36" "www.paramcs.com"
31.184.238.164 - - [29/Jul/2014:12:01:32 +0530] "GET /logs/access.log HTTP/1.0" 200 9528 "http://order-betamethasone-20mg-no-rx.snack.ws" "Opera/9.80 (Windows NT 6.1; Win64; x64) Presto/2.12.388 Version/12.16" "www.paramcs.com"
217.69.133.69 - - [29/Jul/2014:12:07:24 +0530] "GET /robots.txt HTTP/1.1" 200 38 "-" "Mozilla/5.0 (compatible; Linux x86_64; Mail.RU_Bot/2.0; +http://go.mail.ru/help/robots)" "paramcs.com"
217.69.133.228 - - [29/Jul/2014:12:07:30 +0530] "GET / HTTP/1.1" 304 - "-" "Mozilla/5.0 (compatible; Linux x86_64; Mail.RU_Bot/2.0; +http://go.mail.ru/help/robots)" "paramcs.com"
31.184.238.164 - - [29/Jul/2014:12:18:29 +0530] "GET /logs/access.log HTTP/1.0" 200 10124 "http://buy-arava-10mg-online.soup.io" "Mozilla/5.0 (Windows NT 6.1; WOW64) AppleWebKit/537.36 (KHTML, like Gecko) Chrome/33.0.1750.146 Safari/537.36" "www.paramcs.com"
31.184.238.164 - - [29/Jul/2014:12:35:31 +0530] "GET /logs/access.log HTTP/1.0" 200 10383 "http://famciclovir-order-no-rx.soup.io" "Mozilla/5.0 (Windows NT 6.0) AppleWebKit/537.36 (KHTML, like Gecko) Chrome/33.0.1750.146 Safari/537.36" "www.paramcs.com"
31.184.238.164 - - [29/Jul/2014:12:52:43 +0530] "GET /logs/access.log HTTP/1.0" 200 10637 "http://orderparacetamolonlinees.soup.io" "Mozilla/5.0 (Windows NT 6.3; WOW64; rv:26.0) Gecko/20100101 Firefox/26.0" "www.paramcs.com"
31.184.238.164 - - [29/Jul/2014:13:10:13 +0530] "GET /logs/access.log HTTP/1.0" 200 10862 "http://buydoxycycline100mgonlinefastdelivery.soup.io" "Mozilla/5.0 (Windows NT 5.1) AppleWebKit/537.36 (KHTML, like Gecko) Chrome/33.0.1750.117 Safari/537.36" "www.paramcs.com"
61.135.190.221 - - [29/Jul/2014:13:11:04 +0530] "GET / HTTP/1.1" 200 6707 "http://www.baidu.com/s?wd=PARAMCreativeSolutions" "Mozilla/5.0 (Windows; U; Windows NT 5.1; zh-CN; rv:1.9.2.15) Gecko/20110303 Firefox/3.6.15" "www.paramcs.com"
61.135.190.100 - - [29/Jul/2014:13:11:06 +0530] "GET /js/jquery_002.js HTTP/1.1" 200 27708 "http://www.paramcs.com/" "Mozilla/5.0 (Windows; U; Windows NT 5.1; zh-CN; rv:1.9.2.15) Gecko/20110303 Firefox/3.6.15" "www.paramcs.com"
61.135.190.221 - - [29/Jul/2014:13:11:07 +0530] "GET /js/overlaybox.js HTTP/1.1" 200 1321 "http://www.paramcs.com/" "Mozilla/5.0 (Windows; U; Windows NT 5.1; zh-CN; rv:1.9.2.15) Gecko/20110303 Firefox/3.6.15" "www.paramcs.com"
61.135.190.224 - - [29/Jul/2014:13:11:13 +0530] "GET /overlaybox.js HTTP/1.1" 200 1321 "http://www.paramcs.com/" "Mozilla/5.0 (Windows; U; Windows NT 5.1; zh-CN; rv:1.9.2.15) Gecko/20110303 Firefox/3.6.15" "www.paramcs.com"
117.221.40.213 - - [29/Jul/2014:13:24:56 +0530] "GET / HTTP/1.1" 200 6600 "https://www.google.co.in/" "Mozilla/5.0 (Windows NT 5.1) AppleWebKit/537.36 (KHTML, like Gecko) Chrome/36.0.1985.125 Safari/537.36" "www.paramcs.com"
117.221.40.213 - - [29/Jul/2014:13:24:56 +0530] "GET /stylesheet/style.css HTTP/1.1" 200 2088 "http://www.paramcs.com/" "Mozilla/5.0 (Windows NT 5.1) AppleWebKit/537.36 (KHTML, like Gecko) Chrome/36.0.1985.125 Safari/537.36" "www.paramcs.com"
117.221.40.213 - - [29/Jul/2014:13:24:57 +0530] "GET /js/overlaybox.js HTTP/1.1" 200 1321 "http://www.paramcs.com/" "Mozilla/5.0 (Windows NT 5.1) AppleWebKit/537.36 (KHTML, like Gecko) Chrome/36.0.1985.125 Safari/537.36" "www.paramcs.com"
117.221.40.213 - - [29/Jul/2014:13:24:57 +0530] "GET /js/jquery_002.js HTTP/1.1" 200 27708 "http://www.paramcs.com/" "Mozilla/5.0 (Windows NT 5.1) AppleWebKit/537.36 (KHTML, like Gecko) Chrome/36.0.1985.125 Safari/537.36" "www.paramcs.com"
117.221.40.213 - - [29/Jul/2014:13:24:57 +0530] "GET /overlaybox.js HTTP/1.1" 200 1321 "http://www.paramcs.com/" "Mozilla/5.0 (Windows NT 5.1) AppleWebKit/537.36 (KHTML, like Gecko) Chrome/36.0.1985.125 Safari/537.36" "www.paramcs.com"
117.221.40.213 - - [29/Jul/2014:13:24:57 +0530] "GET /images/logo8.jpg HTTP/1.1" 200 35826 "http://www.paramcs.com/" "Mozilla/5.0 (Windows NT 5.1) AppleWebKit/537.36 (KHTML, like Gecko) Chrome/36.0.1985.125 Safari/537.36" "www.paramcs.com"
117.221.40.213 - - [29/Jul/2014:13:24:57 +0530] "GET /images/welcome-img.jpg HTTP/1.1" 200 44419 "http://www.paramcs.com/" "Mozilla/5.0 (Windows NT 5.1) AppleWebKit/537.36 (KHTML, like Gecko) Chrome/36.0.1985.125 Safari/537.36" "www.paramcs.com"
117.221.40.213 - - [29/Jul/2014:13:24:57 +0530] "GET /images/designautomation.jpg HTTP/1.1" 200 30134 "http://www.paramcs.com/" "Mozilla/5.0 (Windows NT 5.1) AppleWebKit/537.36 (KHTML, like Gecko) Chrome/36.0.1985.125 Safari/537.36" "www.paramcs.com"
117.221.40.213 - - [29/Jul/2014:13:24:57 +0530] "GET /images/specialpurpose.jpg HTTP/1.1" 200 36477 "http://www.paramcs.com/" "Mozilla/5.0 (Windows NT 5.1) AppleWebKit/537.36 (KHTML, like Gecko) Chrome/36.0.1985.125 Safari/537.36" "www.paramcs.com"
117.221.40.213 - - [29/Jul/2014:13:24:57 +0530] "GET /images/processrounded.jpg HTTP/1.1" 200 37817 "http://www.paramcs.com/" "Mozilla/5.0 (Windows NT 5.1) AppleWebKit/537.36 (KHTML, like Gecko) Chrome/36.0.1985.125 Safari/537.36" "www.paramcs.com"
117.221.40.213 - - [29/Jul/2014:13:24:57 +0530] "GET /images/Packaging.jpg HTTP/1.1" 200 36491 "http://www.paramcs.com/" "Mozilla/5.0 (Windows NT 5.1) AppleWebKit/537.36 (KHTML, like Gecko) Chrome/36.0.1985.125 Safari/537.36" "www.paramcs.com"
117.221.40.213 - - [29/Jul/2014:13:24:57 +0530] "GET /images/heavy.jpg HTTP/1.1" 200 36937 "http://www.paramcs.com/" "Mozilla/5.0 (Windows NT 5.1) AppleWebKit/537.36 (KHTML, like Gecko) Chrome/36.0.1985.125 Safari/537.36" "www.paramcs.com"
117.221.40.213 - - [29/Jul/2014:13:24:57 +0530] "GET /images/other.jpg HTTP/1.1" 200 33937 "http://www.paramcs.com/" "Mozilla/5.0 (Windows NT 5.1) AppleWebKit/537.36 (KHTML, like Gecko) Chrome/36.0.1985.125 Safari/537.36" "www.paramcs.com"
117.221.40.213 - - [29/Jul/2014:13:24:57 +0530] "GET /images/f.jpg HTTP/1.1" 200 801 "http://www.paramcs.com/" "Mozilla/5.0 (Windows NT 5.1) AppleWebKit/537.36 (KHTML, like Gecko) Chrome/36.0.1985.125 Safari/537.36" "www.paramcs.com"
117.221.40.213 - - [29/Jul/2014:13:24:58 +0530] "GET /images/bg.jpg HTTP/1.1" 200 19242 "http://www.paramcs.com/" "Mozilla/5.0 (Windows NT 5.1) AppleWebKit/537.36 (KHTML, like Gecko) Chrome/36.0.1985.125 Safari/537.36" "www.paramcs.com"
117.221.40.213 - - [29/Jul/2014:13:24:58 +0530] "GET /images/Copy%20of%20side_header%20copy.jpg HTTP/1.1" 200 19587 "http://www.paramcs.com/" "Mozilla/5.0 (Windows NT 5.1) AppleWebKit/537.36 (KHTML, like Gecko) Chrome/36.0.1985.125 Safari/537.36" "www.paramcs.com"
117.221.40.213 - - [29/Jul/2014:13:24:58 +0530] "GET /images/baner.swf HTTP/1.1" 200 374548 "http://www.paramcs.com/" "Mozilla/5.0 (Windows NT 5.1) AppleWebKit/537.36 (KHTML, like Gecko) Chrome/36.0.1985.125 Safari/537.36" "www.paramcs.com"
117.221.40.213 - - [29/Jul/2014:13:24:58 +0530] "GET /images/disc.jpg HTTP/1.1" 200 392 "http://www.paramcs.com/" "Mozilla/5.0 (Windows NT 5.1) AppleWebKit/537.36 (KHTML, like Gecko) Chrome/36.0.1985.125 Safari/537.36" "www.paramcs.com"
117.221.40.213 - - [29/Jul/2014:13:24:58 +0530] "GET /images/side_header.jpg HTTP/1.1" 200 3756 "http://www.paramcs.com/" "Mozilla/5.0 (Windows NT 5.1) AppleWebKit/537.36 (KHTML, like Gecko) Chrome/36.0.1985.125 Safari/537.36" "www.paramcs.com"
117.221.40.213 - - [29/Jul/2014:13:24:58 +0530] "GET /images/menubg.jpg HTTP/1.1" 200 525 "http://www.paramcs.com/" "Mozilla/5.0 (Windows NT 5.1) AppleWebKit/537.36 (KHTML, like Gecko) Chrome/36.0.1985.125 Safari/537.36" "www.paramcs.com"
117.221.40.213 - - [29/Jul/2014:13:24:58 +0530] "GET /images/l.gif HTTP/1.1" 200 262 "http://www.paramcs.com/" "Mozilla/5.0 (Windows NT 5.1) AppleWebKit/537.36 (KHTML, like Gecko) Chrome/36.0.1985.125 Safari/537.36" "www.paramcs.com"
117.221.40.213 - - [29/Jul/2014:13:24:58 +0530] "GET /images/t.jpg HTTP/1.1" 200 949 "http://www.paramcs.com/" "Mozilla/5.0 (Windows NT 5.1) AppleWebKit/537.36 (KHTML, like Gecko) Chrome/36.0.1985.125 Safari/537.36" "www.paramcs.com"
117.221.40.213 - - [29/Jul/2014:13:24:58 +0530] "GET /images/y.jpg HTTP/1.1" 200 974 "http://www.paramcs.com/" "Mozilla/5.0 (Windows NT 5.1) AppleWebKit/537.36 (KHTML, like Gecko) Chrome/36.0.1985.125 Safari/537.36" "www.paramcs.com"
117.221.40.213 - - [29/Jul/2014:13:24:58 +0530] "GET /Aboutus/111.jpg HTTP/1.1" 200 50327 "http://www.paramcs.com/" "Mozilla/5.0 (Windows NT 5.1) AppleWebKit/537.36 (KHTML, like Gecko) Chrome/36.0.1985.125 Safari/537.36" "www.paramcs.com"
117.221.40.213 - - [29/Jul/2014:13:24:58 +0530] "GET /Aboutus/112.jpg HTTP/1.1" 200 57698 "http://www.paramcs.com/" "Mozilla/5.0 (Windows NT 5.1) AppleWebKit/537.36 (KHTML, like Gecko) Chrome/36.0.1985.125 Safari/537.36" "www.paramcs.com"
117.221.40.213 - - [29/Jul/2014:13:24:58 +0530] "GET /Aboutus/113.jpg HTTP/1.1" 200 35087 "http://www.paramcs.com/" "Mozilla/5.0 (Windows NT 5.1) AppleWebKit/537.36 (KHTML, like Gecko) Chrome/36.0.1985.125 Safari/537.36" "www.paramcs.com"
117.221.40.213 - - [29/Jul/2014:13:24:58 +0530] "GET /Aboutus/114.jpg HTTP/1.1" 200 30691 "http://www.paramcs.com/" "Mozilla/5.0 (Windows NT 5.1) AppleWebKit/537.36 (KHTML, like Gecko) Chrome/36.0.1985.125 Safari/537.36" "www.paramcs.com"
117.221.40.213 - - [29/Jul/2014:13:25:00 +0530] "GET /Aboutus/115.jpg HTTP/1.1" 200 41015 "http://www.paramcs.com/" "Mozilla/5.0 (Windows NT 5.1) AppleWebKit/537.36 (KHTML, like Gecko) Chrome/36.0.1985.125 Safari/537.36" "www.paramcs.com"
117.221.40.213 - - [29/Jul/2014:13:25:00 +0530] "GET /Aboutus/116.jpg HTTP/1.1" 200 40445 "http://www.paramcs.com/" "Mozilla/5.0 (Windows NT 5.1) AppleWebKit/537.36 (KHTML, like Gecko) Chrome/36.0.1985.125 Safari/537.36" "www.paramcs.com"
117.221.40.213 - - [29/Jul/2014:13:25:02 +0530] "GET /Aboutus/117.jpg HTTP/1.1" 200 31476 "http://www.paramcs.com/" "Mozilla/5.0 (Windows NT 5.1) AppleWebKit/537.36 (KHTML, like Gecko) Chrome/36.0.1985.125 Safari/537.36" "www.paramcs.com"
117.221.40.213 - - [29/Jul/2014:13:25:03 +0530] "GET /Aboutus/119.jpg HTTP/1.1" 200 39287 "http://www.paramcs.com/" "Mozilla/5.0 (Windows NT 5.1) AppleWebKit/537.36 (KHTML, like Gecko) Chrome/36.0.1985.125 Safari/537.36" "www.paramcs.com"
117.221.40.213 - - [29/Jul/2014:13:25:04 +0530] "GET /Aboutus/118.jpg HTTP/1.1" 200 41477 "http://www.paramcs.com/" "Mozilla/5.0 (Windows NT 5.1) AppleWebKit/537.36 (KHTML, like Gecko) Chrome/36.0.1985.125 Safari/537.36" "www.paramcs.com"
117.221.40.213 - - [29/Jul/2014:13:25:04 +0530] "GET /Aboutus/120.jpg HTTP/1.1" 200 39923 "http://www.paramcs.com/" "Mozilla/5.0 (Windows NT 5.1) AppleWebKit/537.36 (KHTML, like Gecko) Chrome/36.0.1985.125 Safari/537.36" "www.paramcs.com"
117.221.40.213 - - [29/Jul/2014:13:25:06 +0530] "GET /Aboutus/121.jpg HTTP/1.1" 200 38195 "http://www.paramcs.com/" "Mozilla/5.0 (Windows NT 5.1) AppleWebKit/537.36 (KHTML, like Gecko) Chrome/36.0.1985.125 Safari/537.36" "www.paramcs.com"
117.221.40.213 - - [29/Jul/2014:13:25:06 +0530] "GET /Aboutus/122.jpg HTTP/1.1" 200 45442 "http://www.paramcs.com/" "Mozilla/5.0 (Windows NT 5.1) AppleWebKit/537.36 (KHTML, like Gecko) Chrome/36.0.1985.125 Safari/537.36" "www.paramcs.com"
117.221.40.213 - - [29/Jul/2014:13:25:07 +0530] "GET /Aboutus/123.jpg HTTP/1.1" 200 39892 "http://www.paramcs.com/" "Mozilla/5.0 (Windows NT 5.1) AppleWebKit/537.36 (KHTML, like Gecko) Chrome/36.0.1985.125 Safari/537.36" "www.paramcs.com"
117.221.40.213 - - [29/Jul/2014:13:25:07 +0530] "GET /Aboutus/124.jpg HTTP/1.1" 200 41828 "http://www.paramcs.com/" "Mozilla/5.0 (Windows NT 5.1) AppleWebKit/537.36 (KHTML, like Gecko) Chrome/36.0.1985.125 Safari/537.36" "www.paramcs.com"
117.221.40.213 - - [29/Jul/2014:13:25:09 +0530] "GET /Aboutus/125.jpg HTTP/1.1" 200 31782 "http://www.paramcs.com/" "Mozilla/5.0 (Windows NT 5.1) AppleWebKit/537.36 (KHTML, like Gecko) Chrome/36.0.1985.125 Safari/537.36" "www.paramcs.com"
117.221.40.213 - - [29/Jul/2014:13:25:10 +0530] "GET /Aboutus/126.jpg HTTP/1.1" 200 35002 "http://www.paramcs.com/" "Mozilla/5.0 (Windows NT 5.1) AppleWebKit/537.36 (KHTML, like Gecko) Chrome/36.0.1985.125 Safari/537.36" "www.paramcs.com"
117.221.40.213 - - [29/Jul/2014:13:25:10 +0530] "GET /client.html HTTP/1.1" 200 3561 "http://www.paramcs.com/" "Mozilla/5.0 (Windows NT 5.1) AppleWebKit/537.36 (KHTML, like Gecko) Chrome/36.0.1985.125 Safari/537.36" "www.paramcs.com"
117.221.40.213 - - [29/Jul/2014:13:25:10 +0530] "GET /images/arrow.png HTTP/1.1" 200 1405 "http://www.paramcs.com/client.html" "Mozilla/5.0 (Windows NT 5.1) AppleWebKit/537.36 (KHTML, like Gecko) Chrome/36.0.1985.125 Safari/537.36" "www.paramcs.com"
117.221.40.213 - - [29/Jul/2014:13:25:10 +0530] "GET /Aboutus/112.jpg HTTP/1.1" 200 57698 "http://www.paramcs.com/client.html" "Mozilla/5.0 (Windows NT 5.1) AppleWebKit/537.36 (KHTML, like Gecko) Chrome/36.0.1985.125 Safari/537.36" "www.paramcs.com"
117.221.40.213 - - [29/Jul/2014:13:25:10 +0530] "GET /Aboutus/122.jpg HTTP/1.1" 200 45442 "http://www.paramcs.com/client.html" "Mozilla/5.0 (Windows NT 5.1) AppleWebKit/537.36 (KHTML, like Gecko) Chrome/36.0.1985.125 Safari/537.36" "www.paramcs.com"
117.221.40.213 - - [29/Jul/2014:13:25:10 +0530] "GET /Aboutus/125.jpg HTTP/1.1" 200 31782 "http://www.paramcs.com/client.html" "Mozilla/5.0 (Windows NT 5.1) AppleWebKit/537.36 (KHTML, like Gecko) Chrome/36.0.1985.125 Safari/537.36" "www.paramcs.com"
117.221.40.213 - - [29/Jul/2014:13:25:10 +0530] "GET /Aboutus/123.jpg HTTP/1.1" 200 39892 "http://www.paramcs.com/client.html" "Mozilla/5.0 (Windows NT 5.1) AppleWebKit/537.36 (KHTML, like Gecko) Chrome/36.0.1985.125 Safari/537.36" "www.paramcs.com"
117.221.40.213 - - [29/Jul/2014:13:25:11 +0530] "GET /Aboutus/126.jpg HTTP/1.1" 200 35002 "http://www.paramcs.com/client.html" "Mozilla/5.0 (Windows NT 5.1) AppleWebKit/537.36 (KHTML, like Gecko) Chrome/36.0.1985.125 Safari/537.36" "www.paramcs.com"
117.221.40.213 - - [29/Jul/2014:13:25:11 +0530] "GET /images/footer.jpg HTTP/1.1" 200 18488 "http://www.paramcs.com/client.html" "Mozilla/5.0 (Windows NT 5.1) AppleWebKit/537.36 (KHTML, like Gecko) Chrome/36.0.1985.125 Safari/537.36" "www.paramcs.com"
117.221.40.213 - - [29/Jul/2014:13:25:12 +0530] "GET /images/baner.swf HTTP/1.1" 200 374548 "http://www.paramcs.com/client.html" "Mozilla/5.0 (Windows NT 5.1) AppleWebKit/537.36 (KHTML, like Gecko) Chrome/36.0.1985.125 Safari/537.36" "www.paramcs.com"
117.221.40.213 - - [29/Jul/2014:13:25:13 +0530] "GET /Aboutus/129.jpg HTTP/1.1" 200 32097 "http://www.paramcs.com/client.html" "Mozilla/5.0 (Windows NT 5.1) AppleWebKit/537.36 (KHTML, like Gecko) Chrome/36.0.1985.125 Safari/537.36" "www.paramcs.com"
117.221.40.213 - - [29/Jul/2014:13:25:15 +0530] "GET /Aboutus/128.jpg HTTP/1.1" 200 41868 "http://www.paramcs.com/client.html" "Mozilla/5.0 (Windows NT 5.1) AppleWebKit/537.36 (KHTML, like Gecko) Chrome/36.0.1985.125 Safari/537.36" "www.paramcs.com"
117.221.40.213 - - [29/Jul/2014:13:25:15 +0530] "GET /careers.html HTTP/1.1" 200 3530 "http://www.paramcs.com/client.html" "Mozilla/5.0 (Windows NT 5.1) AppleWebKit/537.36 (KHTML, like Gecko) Chrome/36.0.1985.125 Safari/537.36" "www.paramcs.com"
117.221.40.213 - - [29/Jul/2014:13:25:15 +0530] "GET /Aboutus/127.jpg HTTP/1.1" 200 47868 "http://www.paramcs.com/client.html" "Mozilla/5.0 (Windows NT 5.1) AppleWebKit/537.36 (KHTML, like Gecko) Chrome/36.0.1985.125 Safari/537.36" "www.paramcs.com"
117.221.40.213 - - [29/Jul/2014:13:25:17 +0530] "GET /images/carrier.jpg HTTP/1.1" 200 44323 "http://www.paramcs.com/careers.html" "Mozilla/5.0 (Windows NT 5.1) AppleWebKit/537.36 (KHTML, like Gecko) Chrome/36.0.1985.125 Safari/537.36" "www.paramcs.com"
117.221.40.213 - - [29/Jul/2014:13:25:21 +0530] "GET /currentopening.html HTTP/1.1" 200 3404 "http://www.paramcs.com/careers.html" "Mozilla/5.0 (Windows NT 5.1) AppleWebKit/537.36 (KHTML, like Gecko) Chrome/36.0.1985.125 Safari/537.36" "www.paramcs.com"
31.184.238.164 - - [29/Jul/2014:13:27:48 +0530] "GET /logs/access.log HTTP/1.0" 200 25153 "http://2xclozaril50mg.forumcircle.com" "Mozilla/5.0 (Windows NT 6.3; WOW64) AppleWebKit/537.36 (KHTML, like Gecko) Chrome/33.0.1750.117 Safari/537.36" "www.paramcs.com"
31.184.238.164 - - [29/Jul/2014:13:45:31 +0530] "GET /logs/access.log HTTP/1.0" 200 25413 "http://suhagra-order-online.snack.ws" "Mozilla/5.0 (Windows NT 6.1; WOW64) AppleWebKit/537.36 (KHTML, like Gecko) Chrome/32.0.1700.102 Safari/537.36" "www.paramcs.com"
31.184.238.164 - - [29/Jul/2014:14:03:23 +0530] "GET /logs/access.log HTTP/1.0" 200 25672 "http://nateglinide-120mg-buy.tumblr.com" "Opera/9.80 (Windows NT 6.1; WOW64) Presto/2.12.388 Version/12.16" "www.paramcs.com"
31.184.238.164 - - [29/Jul/2014:14:21:01 +0530] "GET /logs/access.log HTTP/1.0" 200 25889 "http://buy-benicar-online.soup.io" "Mozilla/5.0 (Windows NT 6.1; WOW64) AppleWebKit/537.36 (KHTML, like Gecko) Chrome/33.0.1750.117 Safari/537.36 OPR/20.0.1387.64" "www.paramcs.com"
65.36.241.79 - - [29/Jul/2014:14:27:12 +0530] "HEAD / HTTP/1.1" 200 0 "-" "InternetSeer.com" "paramcs.com"
65.36.241.79 - - [29/Jul/2014:14:33:47 +0530] "HEAD / HTTP/1.1" 200 0 "-" "InternetSeer.com" "www.paramcs.com"
31.184.238.164 - - [29/Jul/2014:14:38:46 +0530] "GET /logs/access.log HTTP/1.0" 200 26380 "http://orderdiphenhydramineonlinewithoutprescript.soup.io" "Mozilla/5.0 (Windows NT 6.3; WOW64; rv:26.0) Gecko/20100101 Firefox/26.0" "www.paramcs.com"
31.184.238.164 - - [29/Jul/2014:14:56:51 +0530] "GET /logs/access.log HTTP/1.0" 200 26623 "http://detrol-order.snack.ws" "Mozilla/5.0 (Windows NT 6.1; WOW64) AppleWebKit/537.36 (KHTML, like Gecko) Chrome/33.0.1750.117 Safari/537.36" "www.paramcs.com"
31.184.238.164 - - [29/Jul/2014:15:15:13 +0530] "GET /logs/access.log HTTP/1.0" 200 26874 "http://buybimatoprostquickshipping.soup.io" "Opera/9.80 (Windows NT 6.1) Presto/2.12.388 Version/12.16" "www.paramcs.com"
31.184.238.164 - - [29/Jul/2014:15:33:43 +0530] "GET /logs/access.log HTTP/1.0" 200 27087 "http://buyzovirax200mgonline.soup.io" "Mozilla/5.0 (Windows NT 6.1; WOW64) AppleWebKit/537.36 (KHTML, like Gecko) Chrome/32.0.1700.107 Safari/537.36 OPR/19.0.1326.63" "www.paramcs.com"
31.184.238.164 - - [29/Jul/2014:15:52:13 +0530] "GET /logs/access.log HTTP/1.0" 200 27363 "http://buysildenafilcitrateonlinewithoutprescript.soup.io" "Mozilla/5.0 (Windows NT 6.1) AppleWebKit/537.36 (KHTML, like Gecko) Chrome/32.0.1700.76 Safari/537.36" "www.paramcs.com"
217.69.133.230 - - [29/Jul/2014:16:00:07 +0530] "GET /robots.txt HTTP/1.1" 200 38 "-" "Mozilla/5.0 (compatible; Linux x86_64; Mail.RU_Bot/2.0; +http://go.mail.ru/help/robots)" "www.paramcs.com"
217.69.133.229 - - [29/Jul/2014:16:00:08 +0530] "GET /Why_Param.html HTTP/1.1" 404 89 "-" "Mozilla/5.0 (compatible; Linux x86_64; Mail.RU_Bot/2.0; +http://go.mail.ru/help/robots)" "www.paramcs.com"
31.184.238.164 - - [29/Jul/2014:16:10:42 +0530] "GET /logs/access.log HTTP/1.0" 200 28027 "http://buy-calcium-acetate-no-prescription.soup.io" "Mozilla/5.0 (Windows NT 6.1; WOW64) AppleWebKit/537.36 (KHTML, like Gecko) Chrome/33.0.1750.146 Safari/537.36" "www.paramcs.com"
31.184.238.164 - - [29/Jul/2014:16:29:26 +0530] "GET /logs/access.log HTTP/1.0" 200 28300 "http://buymedroxyprogesterone5mgonline.snack.ws" "Mozilla/5.0 (Windows NT 6.3; WOW64; rv:26.0) Gecko/20100101 Firefox/26.0" "www.paramcs.com"
37.58.100.238 - - [29/Jul/2014:16:34:16 +0530] "GET /robots.txt HTTP/1.1" 200 536 "-" "Mozilla/5.0 (compatible; AhrefsBot/5.0; +http://ahrefs.com/robot/)" "paramcs.com"
31.184.238.164 - - [29/Jul/2014:16:48:29 +0530] "GET /logs/access.log HTTP/1.0" 200 28702 "http://zidovudine-order.tumblr.com" "Mozilla/5.0 (Windows NT 6.1) AppleWebKit/537.36 (KHTML, like Gecko) Chrome/30.0.1599.12785 YaBrowser/13.12.1599.12785 Safari/537.36" "www.paramcs.com"
117.192.228.63 - - [29/Jul/2014:16:56:44 +0530] "GET / HTTP/1.1" 200 6707 "https://www.google.co.in/" "Mozilla/5.0 (Windows NT 6.3; WOW64) AppleWebKit/537.36 (KHTML, like Gecko) Chrome/36.0.1985.125 Safari/537.36" "www.paramcs.com"
117.192.228.63 - - [29/Jul/2014:16:56:45 +0530] "GET /stylesheet/style.css HTTP/1.1" 200 2088 "http://www.paramcs.com/" "Mozilla/5.0 (Windows NT 6.3; WOW64) AppleWebKit/537.36 (KHTML, like Gecko) Chrome/36.0.1985.125 Safari/537.36" "www.paramcs.com"
117.192.228.63 - - [29/Jul/2014:16:56:46 +0530] "GET /js/jquery_002.js HTTP/1.1" 200 27708 "http://www.paramcs.com/" "Mozilla/5.0 (Windows NT 6.3; WOW64) AppleWebKit/537.36 (KHTML, like Gecko) Chrome/36.0.1985.125 Safari/537.36" "www.paramcs.com"
117.192.228.63 - - [29/Jul/2014:16:56:46 +0530] "GET /overlaybox.js HTTP/1.1" 200 1321 "http://www.paramcs.com/" "Mozilla/5.0 (Windows NT 6.3; WOW64) AppleWebKit/537.36 (KHTML, like Gecko) Chrome/36.0.1985.125 Safari/537.36" "www.paramcs.com"
117.192.228.63 - - [29/Jul/2014:16:56:46 +0530] "GET /js/overlaybox.js HTTP/1.1" 200 1321 "http://www.paramcs.com/" "Mozilla/5.0 (Windows NT 6.3; WOW64) AppleWebKit/537.36 (KHTML, like Gecko) Chrome/36.0.1985.125 Safari/537.36" "www.paramcs.com"
117.192.228.63 - - [29/Jul/2014:16:56:46 +0530] "GET /images/logo8.jpg HTTP/1.1" 200 35826 "http://www.paramcs.com/" "Mozilla/5.0 (Windows NT 6.3; WOW64) AppleWebKit/537.36 (KHTML, like Gecko) Chrome/36.0.1985.125 Safari/537.36" "www.paramcs.com"
117.192.228.63 - - [29/Jul/2014:16:56:46 +0530] "GET /images/welcome-img.jpg HTTP/1.1" 200 44419 "http://www.paramcs.com/" "Mozilla/5.0 (Windows NT 6.3; WOW64) AppleWebKit/537.36 (KHTML, like Gecko) Chrome/36.0.1985.125 Safari/537.36" "www.paramcs.com"
117.192.228.63 - - [29/Jul/2014:16:56:46 +0530] "GET /images/designautomation.jpg HTTP/1.1" 200 30134 "http://www.paramcs.com/" "Mozilla/5.0 (Windows NT 6.3; WOW64) AppleWebKit/537.36 (KHTML, like Gecko) Chrome/36.0.1985.125 Safari/537.36" "www.paramcs.com"
117.192.228.63 - - [29/Jul/2014:16:56:46 +0530] "GET /images/specialpurpose.jpg HTTP/1.1" 200 36477 "http://www.paramcs.com/" "Mozilla/5.0 (Windows NT 6.3; WOW64) AppleWebKit/537.36 (KHTML, like Gecko) Chrome/36.0.1985.125 Safari/537.36" "www.paramcs.com"
117.192.228.63 - - [29/Jul/2014:16:56:46 +0530] "GET /images/processrounded.jpg HTTP/1.1" 200 37817 "http://www.paramcs.com/" "Mozilla/5.0 (Windows NT 6.3; WOW64) AppleWebKit/537.36 (KHTML, like Gecko) Chrome/36.0.1985.125 Safari/537.36" "www.paramcs.com"
117.192.228.63 - - [29/Jul/2014:16:56:48 +0530] "GET /images/Packaging.jpg HTTP/1.1" 200 36491 "http://www.paramcs.com/" "Mozilla/5.0 (Windows NT 6.3; WOW64) AppleWebKit/537.36 (KHTML, like Gecko) Chrome/36.0.1985.125 Safari/537.36" "www.paramcs.com"
117.192.228.63 - - [29/Jul/2014:16:56:49 +0530] "GET /images/baner.swf HTTP/1.1" 200 374548 "http://www.paramcs.com/" "Mozilla/5.0 (Windows NT 6.3; WOW64) AppleWebKit/537.36 (KHTML, like Gecko) Chrome/36.0.1985.125 Safari/537.36" "www.paramcs.com"
117.192.228.63 - - [29/Jul/2014:16:56:49 +0530] "GET /images/bg.jpg HTTP/1.1" 200 19242 "http://www.paramcs.com/" "Mozilla/5.0 (Windows NT 6.3; WOW64) AppleWebKit/537.36 (KHTML, like Gecko) Chrome/36.0.1985.125 Safari/537.36" "www.paramcs.com"
117.192.228.63 - - [29/Jul/2014:16:56:49 +0530] "GET /images/Copy%20of%20side_header%20copy.jpg HTTP/1.1" 200 19587 "http://www.paramcs.com/" "Mozilla/5.0 (Windows NT 6.3; WOW64) AppleWebKit/537.36 (KHTML, like Gecko) Chrome/36.0.1985.125 Safari/537.36" "www.paramcs.com"
117.192.228.63 - - [29/Jul/2014:16:56:49 +0530] "GET /images/menubg.jpg HTTP/1.1" 200 525 "http://www.paramcs.com/" "Mozilla/5.0 (Windows NT 6.3; WOW64) AppleWebKit/537.36 (KHTML, like Gecko) Chrome/36.0.1985.125 Safari/537.36" "www.paramcs.com"
117.192.228.63 - - [29/Jul/2014:16:56:49 +0530] "GET /images/side_header.jpg HTTP/1.1" 200 3756 "http://www.paramcs.com/" "Mozilla/5.0 (Windows NT 6.3; WOW64) AppleWebKit/537.36 (KHTML, like Gecko) Chrome/36.0.1985.125 Safari/537.36" "www.paramcs.com"
117.192.228.63 - - [29/Jul/2014:16:56:49 +0530] "GET /images/heavy.jpg HTTP/1.1" 200 36937 "http://www.paramcs.com/" "Mozilla/5.0 (Windows NT 6.3; WOW64) AppleWebKit/537.36 (KHTML, like Gecko) Chrome/36.0.1985.125 Safari/537.36" "www.paramcs.com"
117.192.228.63 - - [29/Jul/2014:16:56:50 +0530] "GET /images/other.jpg HTTP/1.1" 200 33937 "http://www.paramcs.com/" "Mozilla/5.0 (Windows NT 6.3; WOW64) AppleWebKit/537.36 (KHTML, like Gecko) Chrome/36.0.1985.125 Safari/537.36" "www.paramcs.com"
117.192.228.63 - - [29/Jul/2014:16:56:50 +0530] "GET /images/f.jpg HTTP/1.1" 200 801 "http://www.paramcs.com/" "Mozilla/5.0 (Windows NT 6.3; WOW64) AppleWebKit/537.36 (KHTML, like Gecko) Chrome/36.0.1985.125 Safari/537.36" "www.paramcs.com"
117.192.228.63 - - [29/Jul/2014:16:56:50 +0530] "GET /images/l.gif HTTP/1.1" 200 262 "http://www.paramcs.com/" "Mozilla/5.0 (Windows NT 6.3; WOW64) AppleWebKit/537.36 (KHTML, like Gecko) Chrome/36.0.1985.125 Safari/537.36" "www.paramcs.com"
117.192.228.63 - - [29/Jul/2014:16:56:51 +0530] "GET /images/t.jpg HTTP/1.1" 200 949 "http://www.paramcs.com/" "Mozilla/5.0 (Windows NT 6.3; WOW64) AppleWebKit/537.36 (KHTML, like Gecko) Chrome/36.0.1985.125 Safari/537.36" "www.paramcs.com"
117.192.228.63 - - [29/Jul/2014:16:56:51 +0530] "GET /images/y.jpg HTTP/1.1" 200 974 "http://www.paramcs.com/" "Mozilla/5.0 (Windows NT 6.3; WOW64) AppleWebKit/537.36 (KHTML, like Gecko) Chrome/36.0.1985.125 Safari/537.36" "www.paramcs.com"
117.192.228.63 - - [29/Jul/2014:16:56:51 +0530] "GET /Aboutus/112.jpg HTTP/1.1" 200 57698 "http://www.paramcs.com/" "Mozilla/5.0 (Windows NT 6.3; WOW64) AppleWebKit/537.36 (KHTML, like Gecko) Chrome/36.0.1985.125 Safari/537.36" "www.paramcs.com"
117.192.228.63 - - [29/Jul/2014:16:56:51 +0530] "GET /Aboutus/111.jpg HTTP/1.1" 200 50327 "http://www.paramcs.com/" "Mozilla/5.0 (Windows NT 6.3; WOW64) AppleWebKit/537.36 (KHTML, like Gecko) Chrome/36.0.1985.125 Safari/537.36" "www.paramcs.com"
117.192.228.63 - - [29/Jul/2014:16:56:51 +0530] "GET /Aboutus/113.jpg HTTP/1.1" 200 35087 "http://www.paramcs.com/" "Mozilla/5.0 (Windows NT 6.3; WOW64) AppleWebKit/537.36 (KHTML, like Gecko) Chrome/36.0.1985.125 Safari/537.36" "www.paramcs.com"
117.192.228.63 - - [29/Jul/2014:16:56:51 +0530] "GET /Aboutus/114.jpg HTTP/1.1" 200 30691 "http://www.paramcs.com/" "Mozilla/5.0 (Windows NT 6.3; WOW64) AppleWebKit/537.36 (KHTML, like Gecko) Chrome/36.0.1985.125 Safari/537.36" "www.paramcs.com"
117.192.228.63 - - [29/Jul/2014:16:56:51 +0530] "GET /Aboutus/115.jpg HTTP/1.1" 200 41015 "http://www.paramcs.com/" "Mozilla/5.0 (Windows NT 6.3; WOW64) AppleWebKit/537.36 (KHTML, like Gecko) Chrome/36.0.1985.125 Safari/537.36" "www.paramcs.com"
117.192.228.63 - - [29/Jul/2014:16:56:53 +0530] "GET /Aboutus/116.jpg HTTP/1.1" 200 40445 "http://www.paramcs.com/" "Mozilla/5.0 (Windows NT 6.3; WOW64) AppleWebKit/537.36 (KHTML, like Gecko) Chrome/36.0.1985.125 Safari/537.36" "www.paramcs.com"
117.192.228.63 - - [29/Jul/2014:16:56:53 +0530] "GET /Aboutus/117.jpg HTTP/1.1" 200 31476 "http://www.paramcs.com/" "Mozilla/5.0 (Windows NT 6.3; WOW64) AppleWebKit/537.36 (KHTML, like Gecko) Chrome/36.0.1985.125 Safari/537.36" "www.paramcs.com"
117.192.228.63 - - [29/Jul/2014:16:56:53 +0530] "GET /Aboutus/118.jpg HTTP/1.1" 200 41477 "http://www.paramcs.com/" "Mozilla/5.0 (Windows NT 6.3; WOW64) AppleWebKit/537.36 (KHTML, like Gecko) Chrome/36.0.1985.125 Safari/537.36" "www.paramcs.com"
117.192.228.63 - - [29/Jul/2014:16:56:53 +0530] "GET /Aboutus/119.jpg HTTP/1.1" 200 39287 "http://www.paramcs.com/" "Mozilla/5.0 (Windows NT 6.3; WOW64) AppleWebKit/537.36 (KHTML, like Gecko) Chrome/36.0.1985.125 Safari/537.36" "www.paramcs.com"
117.192.228.63 - - [29/Jul/2014:16:56:54 +0530] "GET /Aboutus/120.jpg HTTP/1.1" 200 39923 "http://www.paramcs.com/" "Mozilla/5.0 (Windows NT 6.3; WOW64) AppleWebKit/537.36 (KHTML, like Gecko) Chrome/36.0.1985.125 Safari/537.36" "www.paramcs.com"
117.192.228.63 - - [29/Jul/2014:16:56:55 +0530] "GET /Aboutus/122.jpg HTTP/1.1" 200 45442 "http://www.paramcs.com/" "Mozilla/5.0 (Windows NT 6.3; WOW64) AppleWebKit/537.36 (KHTML, like Gecko) Chrome/36.0.1985.125 Safari/537.36" "www.paramcs.com"
117.192.228.63 - - [29/Jul/2014:16:56:55 +0530] "GET /Aboutus/121.jpg HTTP/1.1" 200 38195 "http://www.paramcs.com/" "Mozilla/5.0 (Windows NT 6.3; WOW64) AppleWebKit/537.36 (KHTML, like Gecko) Chrome/36.0.1985.125 Safari/537.36" "www.paramcs.com"
117.192.228.63 - - [29/Jul/2014:16:56:55 +0530] "GET /Aboutus/123.jpg HTTP/1.1" 200 39892 "http://www.paramcs.com/" "Mozilla/5.0 (Windows NT 6.3; WOW64) AppleWebKit/537.36 (KHTML, like Gecko) Chrome/36.0.1985.125 Safari/537.36" "www.paramcs.com"
117.192.228.63 - - [29/Jul/2014:16:56:56 +0530] "GET /Aboutus/124.jpg HTTP/1.1" 200 41828 "http://www.paramcs.com/" "Mozilla/5.0 (Windows NT 6.3; WOW64) AppleWebKit/537.36 (KHTML, like Gecko) Chrome/36.0.1985.125 Safari/537.36" "www.paramcs.com"
117.192.228.63 - - [29/Jul/2014:16:56:56 +0530] "GET /Aboutus/125.jpg HTTP/1.1" 200 31782 "http://www.paramcs.com/" "Mozilla/5.0 (Windows NT 6.3; WOW64) AppleWebKit/537.36 (KHTML, like Gecko) Chrome/36.0.1985.125 Safari/537.36" "www.paramcs.com"
117.192.228.63 - - [29/Jul/2014:16:56:57 +0530] "GET /Aboutus/126.jpg HTTP/1.1" 200 35002 "http://www.paramcs.com/" "Mozilla/5.0 (Windows NT 6.3; WOW64) AppleWebKit/537.36 (KHTML, like Gecko) Chrome/36.0.1985.125 Safari/537.36" "www.paramcs.com"
117.192.228.63 - - [29/Jul/2014:16:56:57 +0530] "GET /Aboutus/127.jpg HTTP/1.1" 200 47868 "http://www.paramcs.com/" "Mozilla/5.0 (Windows NT 6.3; WOW64) AppleWebKit/537.36 (KHTML, like Gecko) Chrome/36.0.1985.125 Safari/537.36" "www.paramcs.com"
117.192.228.63 - - [29/Jul/2014:16:56:58 +0530] "GET /Aboutus/128.jpg HTTP/1.1" 200 41868 "http://www.paramcs.com/" "Mozilla/5.0 (Windows NT 6.3; WOW64) AppleWebKit/537.36 (KHTML, like Gecko) Chrome/36.0.1985.125 Safari/537.36" "www.paramcs.com"
117.192.228.63 - - [29/Jul/2014:16:56:59 +0530] "GET /Aboutus/129.jpg HTTP/1.1" 200 32097 "http://www.paramcs.com/" "Mozilla/5.0 (Windows NT 6.3; WOW64) AppleWebKit/537.36 (KHTML, like Gecko) Chrome/36.0.1985.125 Safari/537.36" "www.paramcs.com"
117.192.228.63 - - [29/Jul/2014:16:56:59 +0530] "GET /images/disc.jpg HTTP/1.1" 200 392 "http://www.paramcs.com/" "Mozilla/5.0 (Windows NT 6.3; WOW64) AppleWebKit/537.36 (KHTML, like Gecko) Chrome/36.0.1985.125 Safari/537.36" "www.paramcs.com"
117.192.228.63 - - [29/Jul/2014:16:56:59 +0530] "GET /images/footer.jpg HTTP/1.1" 200 18488 "http://www.paramcs.com/" "Mozilla/5.0 (Windows NT 6.3; WOW64) AppleWebKit/537.36 (KHTML, like Gecko) Chrome/36.0.1985.125 Safari/537.36" "www.paramcs.com"
117.192.228.63 - - [29/Jul/2014:16:57:02 +0530] "GET /images/favicon.ico HTTP/1.1" 200 546 "-" "Mozilla/5.0 (Windows NT 6.3; WOW64) AppleWebKit/537.36 (KHTML, like Gecko) Chrome/36.0.1985.125 Safari/537.36" "www.paramcs.com"
31.184.238.164 - - [29/Jul/2014:17:07:13 +0530] "GET /logs/access.log HTTP/1.0" 200 39831 "http://ordersilagra100mgonlinenoprescription.soup.io" "Mozilla/5.0 (Windows NT 6.1; WOW64) AppleWebKit/537.36 (KHTML, like Gecko) Chrome/32.0.1700.102 Safari/537.36" "www.paramcs.com"
66.175.214.171 - - [29/Jul/2014:17:08:16 +0530] "GET / HTTP/1.1" 200 32516 "-" "wsr-agent/1.0" "paramcs.com"
117.192.228.63 - - [29/Jul/2014:17:08:48 +0530] "GET /contact.html HTTP/1.1" 200 6128 "http://www.paramcs.com/" "Mozilla/5.0 (Windows NT 6.3; WOW64) AppleWebKit/537.36 (KHTML, like Gecko) Chrome/36.0.1985.125 Safari/537.36" "www.paramcs.com"
117.192.228.63 - - [29/Jul/2014:17:08:49 +0530] "GET /images/Param_Mark.png HTTP/1.1" 404 89 "http://www.paramcs.com/contact.html" "Mozilla/5.0 (Windows NT 6.3; WOW64) AppleWebKit/537.36 (KHTML, like Gecko) Chrome/36.0.1985.125 Safari/537.36" "www.paramcs.com"
117.192.228.63 - - [29/Jul/2014:17:08:56 +0530] "GET /images/Param_Mark.png HTTP/1.1" 404 89 "http://www.paramcs.com/contact.html" "Mozilla/5.0 (Windows NT 6.3; WOW64) AppleWebKit/537.36 (KHTML, like Gecko) Chrome/36.0.1985.125 Safari/537.36" "www.paramcs.com"
117.192.228.63 - - [29/Jul/2014:17:09:26 +0530] "GET /aboutus.html HTTP/1.1" 200 4494 "http://www.paramcs.com/" "Mozilla/5.0 (Windows NT 6.3; WOW64) AppleWebKit/537.36 (KHTML, like Gecko) Chrome/36.0.1985.125 Safari/537.36" "www.paramcs.com"
117.192.228.63 - - [29/Jul/2014:17:09:28 +0530] "GET /images/arrow.png HTTP/1.1" 200 1405 "http://www.paramcs.com/aboutus.html" "Mozilla/5.0 (Windows NT 6.3; WOW64) AppleWebKit/537.36 (KHTML, like Gecko) Chrome/36.0.1985.125 Safari/537.36" "www.paramcs.com"
31.184.238.164 - - [29/Jul/2014:17:26:24 +0530] "GET /logs/access.log HTTP/1.0" 200 41479 "http://vantin5ik.forumcircle.com" "Mozilla/5.0 (Windows NT 6.1; WOW64) AppleWebKit/537.36 (KHTML, like Gecko) Chrome/30.0.1599.13014 YaBrowser/13.12.1599.13014 Safari/537.36" "www.paramcs.com"
31.184.238.164 - - [29/Jul/2014:17:45:32 +0530] "GET /logs/access.log HTTP/1.0" 200 41763 "http://orderethambutol600mg.snack.ws" "Mozilla/5.0 (Windows NT 6.1; WOW64; rv:27.0) Gecko/20100101 Firefox/27.0" "www.paramcs.com"
31.184.238.164 - - [29/Jul/2014:18:05:03 +0530] "GET /logs/access.log HTTP/1.0" 200 41985 "http://bupropionbuy.page.tl" "Mozilla/5.0 (X11; Linux i686; rv:18.0) Gecko/20100101 Firefox/18.0 Iceweasel/18.0.1" "www.paramcs.com"
31.184.238.164 - - [29/Jul/2014:18:24:48 +0530] "GET /logs/access.log HTTP/1.0" 200 42209 "http://coumadin-1mg-order.soup.io" "Mozilla/5.0 (Windows NT 5.1) AppleWebKit/537.36 (KHTML, like Gecko) Chrome/33.0.1750.146 Safari/537.36" "www.paramcs.com"
217.69.133.230 - - [29/Jul/2014:18:31:28 +0530] "GET /robots.txt HTTP/1.1" 200 38 "-" "Mozilla/5.0 (compatible; Linux x86_64; Mail.RU_Bot/2.0; +http://go.mail.ru/help/robots)" "www.paramcs.com"
217.69.133.230 - - [29/Jul/2014:18:33:48 +0530] "GET /ProcessEquipmentCase.HTML HTTP/1.1" 304 - "-" "Mozilla/5.0 (compatible; Linux x86_64; Mail.RU_Bot/2.0; +http://go.mail.ru/help/robots)" "www.paramcs.com"
217.69.133.229 - - [29/Jul/2014:18:33:49 +0530] "GET /robots.txt HTTP/1.1" 200 38 "-" "Mozilla/5.0 (compatible; Linux x86_64; Mail.RU_Bot/2.0; +http://go.mail.ru/help/robots)" "paramcs.com"
217.69.133.230 - - [29/Jul/2014:18:33:51 +0530] "GET /AutomotiveCase.HTML HTTP/1.1" 304 - "-" "Mozilla/5.0 (compatible; Linux x86_64; Mail.RU_Bot/2.0; +http://go.mail.ru/help/robots)" "paramcs.com"
31.184.238.164 - - [29/Jul/2014:18:44:43 +0530] "GET /logs/access.log HTTP/1.0" 200 43248 "http://lansoprazole15mgoh.forumcircle.com" "Mozilla/5.0 (Windows NT 6.1; WOW64) AppleWebKit/537.36 (KHTML, like Gecko) Chrome/30.0.1599.12785 YaBrowser/13.12.1599.12785 Safari/537.36" "www.paramcs.com"
202.137.235.253 - - [29/Jul/2014:18:47:02 +0530] "HEAD / HTTP/1.1" 200 0 "-" "-" "www.paramcs.com"
65.36.241.79 - - [29/Jul/2014:18:56:54 +0530] "HEAD / HTTP/1.1" 200 0 "-" "InternetSeer.com" "paramcs.com"
65.36.241.79 - - [29/Jul/2014:19:03:29 +0530] "HEAD / HTTP/1.1" 200 0 "-" "InternetSeer.com" "www.paramcs.com"
31.184.238.164 - - [29/Jul/2014:19:04:47 +0530] "GET /logs/access.log HTTP/1.0" 200 43858 "http://buy-glycomet.soup.io" "Mozilla/5.0 (Windows NT 6.1; WOW64) AppleWebKit/537.36 (KHTML, like Gecko) Chrome/32.0.1700.102 Safari/537.36" "www.paramcs.com"
216.231.135.110 - - [29/Jul/2014:19:12:59 +0530] "GET /logs/access_140324.log HTTP/1.1" 200 6450 "http://www.paramcs.com/" "Mozilla/4.0 (compatible; MSIE 7.0; Windows NT 5.1; Trident/4.0; .NET CLR 1.1.4322)" "www.paramcs.com"
216.231.135.110 - - [29/Jul/2014:19:12:59 +0530] "GET /contact.html HTTP/1.1" 200 6128 "http://www.paramcs.com/logs/access_140324.log" "Mozilla/4.0 (compatible; MSIE 7.0; Windows NT 5.1; Trident/4.0; .NET CLR 1.1.4322)" "www.paramcs.com"
31.184.238.164 - - [29/Jul/2014:19:24:48 +0530] "GET /logs/access.log HTTP/1.0" 200 44572 "http://ordertamoxifen20mgonlinecheap.snack.ws" "Opera/9.80 (Windows NT 6.1) Presto/2.12.388 Version/12.16" "www.paramcs.com"
31.184.238.164 - - [29/Jul/2014:19:44:57 +0530] "GET /logs/access.log HTTP/1.0" 200 44788 "http://buy-celebrex-200mg-cheap.soup.io" "Mozilla/5.0 (Windows NT 6.1; WOW64) AppleWebKit/537.36 (KHTML, like Gecko) Chrome/32.0.1700.107 Safari/537.36 OPR/19.0.1326.63" "www.paramcs.com"
217.69.133.232 - - [29/Jul/2014:20:02:49 +0530] "GET /robots.txt HTTP/1.1" 200 38 "-" "Mozilla/5.0 (compatible; Linux x86_64; Mail.RU_Bot/2.0; +http://go.mail.ru/help/robots)" "www.paramcs.com"
31.184.238.164 - - [29/Jul/2014:20:05:03 +0530] "GET /logs/access.log HTTP/1.0" 200 45261 "http://buy-prazosin-2mg-safely.soup.io" "Opera/9.80 (Windows NT 6.1; Win64; x64) Presto/2.12.388 Version/12.16" "www.paramcs.com"
217.69.133.228 - - [29/Jul/2014:20:05:36 +0530] "GET /Engineering_Design_Automation.htm HTTP/1.1" 304 - "-" "Mozilla/5.0 (compatible; Linux x86_64; Mail.RU_Bot/2.0; +http://go.mail.ru/help/robots)" "www.paramcs.com"
217.69.133.227 - - [29/Jul/2014:20:17:15 +0530] "GET /client.html HTTP/1.1" 304 - "-" "Mozilla/5.0 (compatible; Linux x86_64; Mail.RU_Bot/2.0; +http://go.mail.ru/help/robots)" "www.paramcs.com"
157.55.39.116 - - [29/Jul/2014:20:22:41 +0530] "GET /robots.txt HTTP/1.1" 200 38 "-" "Mozilla/5.0 (compatible; bingbot/2.0; +http://www.bing.com/bingbot.htm)" "www.paramcs.com"
157.55.39.116 - - [29/Jul/2014:20:23:11 +0530] "GET /Resources.htm HTTP/1.1" 304 - "-" "Mozilla/5.0 (compatible; bingbot/2.0; +http://www.bing.com/bingbot.htm)" "www.paramcs.com"
31.184.238.164 - - [29/Jul/2014:20:25:18 +0530] "GET /logs/access.log HTTP/1.0" 200 46248 "http://orderbupropionfastdelivery.soup.io" "Mozilla/5.0 (Windows NT 6.1) AppleWebKit/537.36 (KHTML, like Gecko) Chrome/33.0.1750.146 Safari/537.36" "www.paramcs.com"
31.184.238.164 - - [29/Jul/2014:20:45:56 +0530] "GET /logs/access.log HTTP/1.0" 200 46505 "http://ommobic.forumcircle.com" "Mozilla/5.0 (Windows NT 6.0) AppleWebKit/537.36 (KHTML, like Gecko) Chrome/33.0.1750.146 Safari/537.36" "www.paramcs.com"
180.76.6.63 - - [29/Jul/2014:20:46:32 +0530] "GET /robots.txt HTTP/1.1" 200 667 "-" "Mozilla/5.0 (Windows NT 5.1; rv:6.0.2) Gecko/20100101 Firefox/6.0.2" "www.paramcs.com"
180.76.6.41 - - [29/Jul/2014:20:49:05 +0530] "GET /index.html HTTP/1.1" 200 6599 "-" "Mozilla/5.0 (compatible; Baiduspider/2.0; +http://www.baidu.com/search/spider.html)" "www.paramcs.com"
180.76.5.19 - - [29/Jul/2014:20:49:06 +0530] "GET / HTTP/1.1" 200 6600 "-" "Mozilla/5.0 (compatible; Baiduspider/2.0; +http://www.baidu.com/search/spider.html)" "www.paramcs.com"
146.148.35.52 - - [29/Jul/2014:20:50:26 +0530] "GET / HTTP/1.0" 200 32516 "-" "NerdyBot" "paramcs.com"
31.184.238.164 - - [29/Jul/2014:21:06:50 +0530] "GET /logs/access.log HTTP/1.0" 200 47394 "http://7yztelmisartan20mg.forumcircle.com" "Mozilla/5.0 (Windows NT 6.1) AppleWebKit/537.36 (KHTML, like Gecko) Chrome/30.0.1599.13014 YaBrowser/13.12.1599.13014 Safari/537.36" "www.paramcs.com"
31.184.238.164 - - [29/Jul/2014:21:27:35 +0530] "GET /logs/access.log HTTP/1.0" 200 47680 "http://ordermesalamine.snack.ws" "Mozilla/5.0 (Windows NT 5.1) AppleWebKit/537.36 (KHTML, like Gecko) Chrome/33.0.1750.117 Safari/537.36" "www.paramcs.com"
31.184.238.164 - - [29/Jul/2014:21:48:08 +0530] "GET /logs/access.log HTTP/1.0" 200 47927 "http://n8rindomethacin75mg.enjin.com" "Mozilla/5.0 (Windows NT 6.2; WOW64) AppleWebKit/537.36 (KHTML, like Gecko) Chrome/32.0.1700.107 Safari/537.36" "www.paramcs.com"
31.184.238.164 - - [29/Jul/2014:22:09:01 +0530] "GET /logs/access.log HTTP/1.0" 200 48186 "http://buymellarilforsale.forumcircle.com" "Opera/9.80 (Windows NT 6.1) Presto/2.12.388 Version/12.16" "www.paramcs.com"
162.220.58.244 - - [29/Jul/2014:22:16:16 +0530] "GET / HTTP/1.1" 200 6707 "-" "Mozilla/5.0 (iPhone; CPU iPhone OS 7_0 like Mac OS X; en-us) AppleWebKit/537.51.1 (KHTML, like Gecko) Version/7.0 Mobile/11A465 Safari/9537.53" "paramcs.com"
162.220.58.244 - - [29/Jul/2014:22:16:17 +0530] "GET /stylesheet/style.css HTTP/1.1" 200 2088 "-" "Mozilla/5.0 (Macintosh; Intel Mac OS X 10_9_2) AppleWebKit/537.36 (KHTML, like Gecko) Chrome/35.0.1916.114 Safari/537.36" "paramcs.com"
31.184.238.164 - - [29/Jul/2014:22:29:47 +0530] "GET /logs/access.log HTTP/1.0" 200 48870 "http://orderarava10mgonlinegr.soup.io" "Mozilla/5.0 (Windows NT 6.1; WOW64) AppleWebKit/537.36 (KHTML, like Gecko) Chrome/32.0.1700.102 Safari/537.36" "www.paramcs.com"
31.184.238.164 - - [29/Jul/2014:22:50:30 +0530] "GET /logs/access.log HTTP/1.0" 200 49130 "http://order-caverta-50mg.soup.io" "Mozilla/5.0 (Windows NT 6.1; WOW64) AppleWebKit/537.36 (KHTML, like Gecko) Chrome/33.0.1750.146 Safari/537.36" "www.paramcs.com"
178.255.215.75 - - [29/Jul/2014:22:55:52 +0530] "GET /robots.txt HTTP/1.1" 200 536 "-" "Mozilla/5.0 (compatible; Exabot/3.0; +http://www.exabot.com/go/robot)" "www.paramcs.com"
178.255.215.75 - - [29/Jul/2014:22:55:52 +0530] "GET / HTTP/1.1" 304 - "-" "Mozilla/5.0 (compatible; Exabot/3.0; +http://www.exabot.com/go/robot)" "www.paramcs.com"
178.255.215.75 - - [29/Jul/2014:22:56:14 +0530] "GET /robots.txt HTTP/1.1" 200 536 "-" "Mozilla/5.0 (compatible; Exabot/3.0; +http://www.exabot.com/go/robot)" "paramcs.com"
